../Core/Src/main.c:86:6:parsePMS5003Data	16	static
../Core/Src/main.c:104:9:readPMSdata	56	static
../Core/Src/main.c:150:6:Ringbuf_init	4	static
../Core/Src/main.c:162:6:store_char	24	static
../Core/Src/main.c:178:12:check_for	32	static
../Core/Src/main.c:211:5:Uart_read	16	static
../Core/Src/main.c:228:6:Uart_write	24	static
../Core/Src/main.c:244:5:IsDataAvailable	4	static
../Core/Src/main.c:251:6:Uart_sendstring	16	static
../Core/Src/main.c:256:6:GetDataFromBuffer	56	static
../Core/Src/main.c:313:6:Uart_flush	8	static
../Core/Src/main.c:320:5:Uart_peek	4	static
../Core/Src/main.c:338:5:Copy_upto	32	static
../Core/Src/main.c:376:5:Get_after	32	static
../Core/Src/main.c:392:5:Wait_for	24	static
../Core/Src/main.c:437:6:Uart_isr	32	static
../Core/Src/main.c:503:5:decodeGGA	80	static
../Core/Src/main.c:666:5:main	520	static
../Core/Src/main.c:790:6:SystemClock_Config	88	static
../Core/Src/main.c:837:13:MX_USART1_UART_Init	8	static
../Core/Src/main.c:870:13:MX_USART2_UART_Init	8	static
../Core/Src/main.c:903:13:MX_USART6_UART_Init	8	static
../Core/Src/main.c:936:13:MX_GPIO_Init	48	static
../Core/Src/main.c:986:6:Error_Handler	4	static,ignoring_inline_asm
